  0   0   0 tests\inputs\empty.txt
  1   9  49 tests\inputs\fox.txt
  4  29 177 tests\inputs\atlamal.txt
  5  38 226 total
