  0   0 tests\inputs\empty.txt
  1  49 tests\inputs\fox.txt
  4 159 tests\inputs\atlamal.txt
  5 208 total
