  0   0 tests\inputs\empty.txt
  1  49 tests\inputs\fox.txt
  4 177 tests\inputs\atlamal.txt
  5 226 total
