  0 tests\inputs\empty.txt
 49 tests\inputs\fox.txt
159 tests\inputs\atlamal.txt
208 total
