  0 tests\inputs\empty.txt
 49 tests\inputs\fox.txt
177 tests\inputs\atlamal.txt
226 total
